C:/Users/boe/Desktop/WS2812B_Demo/WS2812_STM32F103/Core/Src/main.c:76:5:main	1
C:/Users/boe/Desktop/WS2812B_Demo/WS2812_STM32F103/Core/Src/main.c:145:6:SystemClock_Config	3
C:/Users/boe/Desktop/WS2812B_Demo/WS2812_STM32F103/Core/Src/main.c:185:6:WS2812B_Init	1
C:/Users/boe/Desktop/WS2812B_Demo/WS2812_STM32F103/Core/Src/main.c:202:6:WS2812B_SetColor	8
C:/Users/boe/Desktop/WS2812B_Demo/WS2812_STM32F103/Core/Src/main.c:249:6:WS2812B_Show	4
C:/Users/boe/Desktop/WS2812B_Demo/WS2812_STM32F103/Core/Src/main.c:275:6:WS2812B_Clear	2
C:/Users/boe/Desktop/WS2812B_Demo/WS2812_STM32F103/Core/Src/main.c:291:6:Error_Handler	1
