C:/Users/boe/Desktop/WS2812B_Demo/WS2812_STM32F103/Core/Src/main.c:76:5:main	8	static
C:/Users/boe/Desktop/WS2812B_Demo/WS2812_STM32F103/Core/Src/main.c:145:6:SystemClock_Config	72	static
C:/Users/boe/Desktop/WS2812B_Demo/WS2812_STM32F103/Core/Src/main.c:185:6:WS2812B_Init	8	static
C:/Users/boe/Desktop/WS2812B_Demo/WS2812_STM32F103/Core/Src/main.c:202:6:WS2812B_SetColor	24	static
C:/Users/boe/Desktop/WS2812B_Demo/WS2812_STM32F103/Core/Src/main.c:249:6:WS2812B_Show	16	static
C:/Users/boe/Desktop/WS2812B_Demo/WS2812_STM32F103/Core/Src/main.c:275:6:WS2812B_Clear	16	static
C:/Users/boe/Desktop/WS2812B_Demo/WS2812_STM32F103/Core/Src/main.c:291:6:Error_Handler	4	static,ignoring_inline_asm
